// Jest Snapshot v1, https://goo.gl/fbAQLP

exports[`navbar renders with ShopSmart text 1`] = `
{
  "asFragment": [Function],
  "baseElement": <body>
    <div>
      <nav
        class="navbar bg-blue-500"
      >
        <ul>
          <li>
            <a
              href="/"
            >
              ShopSmart
            </a>
          </li>
          <li>
            <a
              href="/about"
            >
              About
            </a>
          </li>
          <li>
            <a
              href="/product"
            >
              Product
            </a>
          </li>
        </ul>
        <ul>
          <li>
            <a
              href="/cart"
            >
              <span>
                <i
                  class="fas fa-shopping-cart"
                />
                 
              </span>
            </a>
          </li>
          <li>
            <a
              class="font-semibold"
              href="/auth/login"
            >
              Login 
              <i
                class="fa-solid fa-arrow-right"
              />
            </a>
          </li>
        </ul>
      </nav>
    </div>
  </body>,
  "container": <div>
    <nav
      class="navbar bg-blue-500"
    >
      <ul>
        <li>
          <a
            href="/"
          >
            ShopSmart
          </a>
        </li>
        <li>
          <a
            href="/about"
          >
            About
          </a>
        </li>
        <li>
          <a
            href="/product"
          >
            Product
          </a>
        </li>
      </ul>
      <ul>
        <li>
          <a
            href="/cart"
          >
            <span>
              <i
                class="fas fa-shopping-cart"
              />
               
            </span>
          </a>
        </li>
        <li>
          <a
            class="font-semibold"
            href="/auth/login"
          >
            Login 
            <i
              class="fa-solid fa-arrow-right"
            />
          </a>
        </li>
      </ul>
    </nav>
  </div>,
  "debug": [Function],
  "findAllByAltText": [Function],
  "findAllByDisplayValue": [Function],
  "findAllByLabelText": [Function],
  "findAllByPlaceholderText": [Function],
  "findAllByRole": [Function],
  "findAllByTestId": [Function],
  "findAllByText": [Function],
  "findAllByTitle": [Function],
  "findByAltText": [Function],
  "findByDisplayValue": [Function],
  "findByLabelText": [Function],
  "findByPlaceholderText": [Function],
  "findByRole": [Function],
  "findByTestId": [Function],
  "findByText": [Function],
  "findByTitle": [Function],
  "getAllByAltText": [Function],
  "getAllByDisplayValue": [Function],
  "getAllByLabelText": [Function],
  "getAllByPlaceholderText": [Function],
  "getAllByRole": [Function],
  "getAllByTestId": [Function],
  "getAllByText": [Function],
  "getAllByTitle": [Function],
  "getByAltText": [Function],
  "getByDisplayValue": [Function],
  "getByLabelText": [Function],
  "getByPlaceholderText": [Function],
  "getByRole": [Function],
  "getByTestId": [Function],
  "getByText": [Function],
  "getByTitle": [Function],
  "queryAllByAltText": [Function],
  "queryAllByDisplayValue": [Function],
  "queryAllByLabelText": [Function],
  "queryAllByPlaceholderText": [Function],
  "queryAllByRole": [Function],
  "queryAllByTestId": [Function],
  "queryAllByText": [Function],
  "queryAllByTitle": [Function],
  "queryByAltText": [Function],
  "queryByDisplayValue": [Function],
  "queryByLabelText": [Function],
  "queryByPlaceholderText": [Function],
  "queryByRole": [Function],
  "queryByTestId": [Function],
  "queryByText": [Function],
  "queryByTitle": [Function],
  "rerender": [Function],
  "unmount": [Function],
}
`;
